total 32
-rw-rw-r--. 1 vsidorkin vsidorkin  26 May  8 14:32 boris-project.txt
-rw-rw-r--. 1 vsidorkin vsidorkin  26 May  8 14:32 feodor-project.txt
-rw-rw-r--. 1 vsidorkin vsidorkin  26 May  8 14:42 file4.doc
-rw-rw-r--. 1 vsidorkin vsidorkin  16 May  8 14:42 filе1.doc
-rw-rw-r--. 1 vsidorkin vsidorkin  16 May  8 14:42 filе2.doc
-rw-rw-r--. 1 vsidorkin vsidorkin  16 May  8 14:42 filе3.doc
-rw-rw-r--. 1 vsidorkin vsidorkin  46 May  8 14:32 README.md
-rw-rw-r--. 1 vsidorkin vsidorkin   0 May  8 14:46 test.log
-rw-rw-r--. 1 vsidorkin vsidorkin 569 May  8 14:32 vsidorkin-project.txt
